// Jest Snapshot v1, https://goo.gl/fbAQLP

exports[`renders without crashing 1`] = `
<body>
  <div>
    <div
      class="App"
    >
      <div>
        <nav>
          <ul>
            <li>
              <a
                href="/"
              >
                Home
              </a>
            </li>
            <li>
              <a
                href="/Search"
              >
                Search
              </a>
            </li>
          </ul>
        </nav>
        <h2
          id="searchForm"
        >
          Welcome To the danger zone
        </h2>
      </div>
    </div>
  </div>
</body>
`;
